[36mvite v8.0.0 [32mbuilding client environment for production...[36m[39m
[2K
transforming...Γ£ô 1770 modules transformed.
rendering chunks...
node.exe : [31mΓ£ù[39m Build failed in 544ms
At line:1 char:1
+ & "C:\Program Files\nodejs/node.exe" "C:\Program Files\nodejs/node_mo ...
+ ~~~~~~~~~~~~~~~~~~~~~~~~~~~~~~~~~~~~~~~~~~~~~~~~~~~~~~~~~~~~~~~~~~~~~
    + CategoryInfo          : NotSpecified: ([31mΓ£ù[39m Build failed in 544ms:String) [], RemoteExc 
   eption
    + FullyQualifiedErrorId : NativeCommandError
 
[31merror during build:
[31mBuild failed with 2 errors:

[31m[MISSING_EXPORT] Error:[0m "PanelGroup" is not exported by 
"node_modules/react-resizable-panels/dist/react-resizable-panels.js".
   [38;5;246mΓò¡[0m[38;5;246mΓöÇ[0m[38;5;246m[[0m src/App.jsx:9:10 [38;5;246m][0m
   [38;5;246mΓöé[0m
 [38;5;246m9 Γöé[0m [38;5;249mi[0m[38;5;249mm[0m[38;5;249mp[0m[38;5;249mo[0m[38;5;249mr[0m
[38;5;249mt[0m[38;5;249m [0m[38;5;249m{[0m[38;5;249m [0mPanelGroup[38;5;249m,[0m[38;5;249m [
0m[38;5;249mP[0m[38;5;249ma[0m[38;5;249mn[0m[38;5;249me[0m[38;5;249ml[0m[38;5;249m,[0m[38;
5;249m [0m[38;5;249mP[0m[38;5;249ma[0m[38;5;249mn[0m[38;5;249me[0m[38;5;249ml[0m[38;5;249mR
[0m[38;5;249me[0m[38;5;249ms[0m[38;5;249mi[0m[38;5;249mz[0m[38;5;249me[0m[38;5;249mH[0m[3
8;5;249ma[0m[38;5;249mn[0m[38;5;249md[0m[38;5;249ml[0m[38;5;249me[0m[38;5;249m 
[0m[38;5;249m}[0m[38;5;249m 
[0m[38;5;249mf[0m[38;5;249mr[0m[38;5;249mo[0m[38;5;249mm[0m[38;5;249m [0m[38;5;249m"[0m[3
8;5;249mr[0m[38;5;249me[0m[38;5;249ma[0m[38;5;249mc[0m[38;5;249mt[0m[38;5;249m-[0m[38;5;249
mr[0m[38;5;249me[0m[38;5;249ms[0m[38;5;249mi[0m[38;5;249mz[0m[38;5;249ma[0m[38;5;249mb[0m
[38;5;249ml[0m[38;5;249me[0m[38;5;249m-[0m[38;5;249mp[0m[38;5;249ma[0m[38;5;249mn[0m[38;5;2
49me[0m[38;5;249ml[0m[38;5;249ms[0m[38;5;249m"[0m[38;5;249m;[0m
 [38;5;240m  Γöé[0m          ΓöÇΓöÇΓöÇΓöÇΓöÇΓö¼ΓöÇΓöÇΓöÇΓöÇ  
 [38;5;240m  Γöé[0m               Γò░ΓöÇΓöÇΓöÇΓöÇΓöÇΓöÇ Missing export
[38;5;246mΓöÇΓöÇΓöÇΓò»[0m

[31m[MISSING_EXPORT] Error:[0m "PanelResizeHandle" is not exported by 
"node_modules/react-resizable-panels/dist/react-resizable-panels.js".
   [38;5;246mΓò¡[0m[38;5;246mΓöÇ[0m[38;5;246m[[0m src/App.jsx:9:29 [38;5;246m][0m
   [38;5;246mΓöé[0m
 [38;5;246m9 Γöé[0m [38;5;249mi[0m[38;5;249mm[0m[38;5;249mp[0m[38;5;249mo[0m[38;5;249mr[0m
[38;5;249mt[0m[38;5;249m [0m[38;5;249m{[0m[38;5;249m [0m[38;5;249mP[0m[38;5;249ma[0m[38;5;2
49mn[0m[38;5;249me[0m[38;5;249ml[0m[38;5;249mG[0m[38;5;249mr[0m[38;5;249mo[0m[38;5;249mu[0
m[38;5;249mp[0m[38;5;249m,[0m[38;5;249m [0m[38;5;249mP[0m[38;5;249ma[0m[38;5;249mn[0m[38;5
;249me[0m[38;5;249ml[0m[38;5;249m,[0m[38;5;249m [0mPanelResizeHandle[38;5;249m 
[0m[38;5;249m}[0m[38;5;249m 
[0m[38;5;249mf[0m[38;5;249mr[0m[38;5;249mo[0m[38;5;249mm[0m[38;5;249m [0m[38;5;249m"[0m[3
8;5;249mr[0m[38;5;249me[0m[38;5;249ma[0m[38;5;249mc[0m[38;5;249mt[0m[38;5;249m-[0m[38;5;249
mr[0m[38;5;249me[0m[38;5;249ms[0m[38;5;249mi[0m[38;5;249mz[0m[38;5;249ma[0m[38;5;249mb[0m
[38;5;249ml[0m[38;5;249me[0m[38;5;249m-[0m[38;5;249mp[0m[38;5;249ma[0m[38;5;249mn[0m[38;5;2
49me[0m[38;5;249ml[0m[38;5;249ms[0m[38;5;249m"[0m[38;5;249m;[0m
 [38;5;240m  Γöé[0m                             ΓöÇΓöÇΓöÇΓöÇΓöÇΓöÇΓöÇΓöÇΓö¼ΓöÇΓöÇΓöÇΓöÇΓöÇΓöÇΓöÇΓöÇ  
 [38;5;240m  Γöé[0m                                     Γò░ΓöÇΓöÇΓöÇΓöÇΓöÇΓöÇΓöÇΓöÇΓöÇΓöÇ Missing 
export
[38;5;246mΓöÇΓöÇΓöÇΓò»[0m
[31m
    at aggregateBindingErrorsIntoJsError 
(file:///C:/Web/AutoDM/node_modules/rolldown/dist/shared/error-CP8smW_P.mjs:48:18)
    at unwrapBindingResult 
(file:///C:/Web/AutoDM/node_modules/rolldown/dist/shared/error-CP8smW_P.mjs:18:128)
    at #build 
(file:///C:/Web/AutoDM/node_modules/rolldown/dist/shared/rolldown-build-4YnQkA76.mjs:3311:34)
    at async buildEnvironment 
(file:///C:/Web/AutoDM/node_modules/vite/dist/node/chunks/node.js:32794:64)
    at async Object.build (file:///C:/Web/AutoDM/node_modules/vite/dist/node/chunks/node.js:33216:19)
    at async Object.buildApp 
(file:///C:/Web/AutoDM/node_modules/vite/dist/node/chunks/node.js:33213:153)
    at async CAC.<anonymous> (file:///C:/Web/AutoDM/node_modules/vite/dist/node/cli.js:778:3) {
  errors: [Getter/Setter]
}[39m
